PHPUnit 11.5.55 by Sebastian Bergmann and contributors.

Runtime:       PHP 8.3.8
Configuration: D:\www\posapi\phpunit.xml

........................................                          40 / 40 (100%)

Time: 00:03.201, Memory: 60.00 MB

[30;43mOK, but there were issues![0m
[30;43mTests: 40[0m[30;43m, Assertions: 95[0m[30;43m, PHPUnit Deprecations: 35[0m[30;43m.[0m
